// Jest Snapshot v1, https://goo.gl/fbAQLP

exports[`should match with snapshot 1`] = `
<section
  className="Section WishList card"
>
  <div
    className="loading"
  />
</section>
`;
