// Jest Snapshot v1, https://goo.gl/fbAQLP

exports[`Index Rendering renders the UI as expected 1`] = `
<nav
  className="Header"
>
  <h1>
    <a
      href="/"
      onClick={[Function]}
    >
       WishList4U 
    </a>
  </h1>
  <div
    className="Header__not-logged-in"
  >
    <a
      href="/register"
      onClick={[Function]}
    >
       Create an account 
    </a>
    <span
      className="Hyph"
    >
         -   
    </span>
    <a
      href="/login"
      onClick={[Function]}
    >
       Log in 
    </a>
  </div>
</nav>
`;
